// Jest Snapshot v1, https://goo.gl/fbAQLP

exports[`renders correctly 1`] = `
<button
  className="button flex justify-center items-center min-w-xs rounded-sm transition-all cursor-pointer box-border font-button large"
  data-variant="primary"
  onBlur={[Function]}
  onFocus={[Function]}
>
  Hello
</button>
`;
