// Jest Snapshot v1, https://goo.gl/fbAQLP

exports[`renders correctly 1`] = `
<div
  className="wrapper "
>
  <div
    className="flow group"
  >
    <div
      className="test bg-secondary px-2 sm:px-5 "
      data-variant="primary"
    />
    <div
      className="test text-grey-light text-2xl group-hover:bg-green leading-9"
      data-variant="primary"
    />
  </div>
</div>
`;
